{
    "add.onCall": [
        [
            "Function: returnTwo"
        ]
    ],
    "addMore.onCall": [
        [
            "Function: anonymous function"
        ]
    ],
    "addAgain.onCall": [
        [
            "Function: anonymous function"
        ]
    ]
}
